Building project (make)
--- TEST: echo hello ---
minishell> echo hello
hello
minishell> exit
exit
EXIT:0

--- TEST: pwd after cd ---
minishell> cd ..
minishell> pwd
/mnt/c/Users/daddy/Documents/GitHub
minishell> exit
exit
EXIT:0

--- TEST: export and echo ---
minishell> export X_TEST=ok
minishell> echo "$X_TEST"
ok
minishell> exit
exit
EXIT:0

--- TEST: unset and echo ---
minishell> unset X_TEST
minishell> echo "${X_TEST-}"
${X_TEST-}
minishell> exit
exit
EXIT:0

--- TEST: absolute ls ---
minishell> /bin/ls -1
Makefile
S_update.txt
include
last_test_run.log
libft
marta_update.txt
minishell
obj
readline.supp
src
tests
minishell> exit
exit
EXIT:0

--- TEST: relative ls ---
minishell> ls -1
Makefile
S_update.txt
include
last_test_run.log
libft
marta_update.txt
minishell
obj
readline.supp
src
tests
minishell> exit
exit
EXIT:0

--- TEST: nonexistent path ---
minishell> ./nonexistent && echo should_not_run
minishell: command not found: ./nonexistent
minishell> exit
exit
EXIT:0

--- TEST: permission vs not-found ---
minishell> ./tmp_exec
minishell: permission denied: ./tmp_exec
minishell> exit
exit
EXIT:0
--- TEST: no such cmd ---
minishell> ./no_such_cmd
minishell: command not found: ./no_such_cmd
minishell> exit
exit
EXIT:0

--- TEST: echo hi | wc -c ---
minishell> echo hi | wc -c
3
minishell> exit
exit
EXIT:0

--- TEST: seq|awk sum ---
minishell> seq 1 5 | awk '{sum+=$1} END {print sum}'
120
minishell> exit
exit
EXIT:0

--- TEST: builtin in middle ---
minishell> echo foo | sed 's/foo/bar/' | cat
bar
minishell> exit
exit
EXIT:0

--- TEST: redir overwrite ---
minishell> echo abc > /tmp/minitest
abc
minishell> cat < /tmp/minitest
minishell: /tmp/minitest: No such file or directory
minishell> rm /tmp/minitest
rm: cannot remove '/tmp/minitest': No such file or directory
minishell> exit
exit
EXIT:0

--- TEST: redir append ---
minishell> echo end >> /tmp/minitest
end
minishell> cat /tmp/minitest
cat: /tmp/minitest: No such file or directory
minishell> rm /tmp/minitest
rm: cannot remove '/tmp/minitest': No such file or directory
minishell> exit
exit
EXIT:0

--- TEST: heredoc cat ---
minishell> cat <<EOF
> line1
> line2
> EOF
line1
line2
minishell> exit
exit
EXIT:0

--- TEST: mixed redir+pipe ---
minishell> echo hello > /tmp/hi
hello
minishell> cat /tmp/hi | wc -c
cat: /tmp/hi: No such file or directory
0
minishell> rm /tmp/hi
rm: cannot remove '/tmp/hi': No such file or directory
minishell> exit
exit
EXIT:0

Tests complete. See tests/test_output.log for full output.
